// Jest Snapshot v1, https://goo.gl/fbAQLP

exports[`App class component renders the UI as expected 1`] = `
Array [
  <header>
    <nav
      role="navigation"
    >
      <a
        className="nav-text brand"
        href="/"
        onClick={[Function]}
      >
        Git-Rekt
      </a>
      <div
        className="Navbar-right"
      >
        <a
          className="nav-text-right login"
          href="/login"
          onClick={[Function]}
        >
          Login
        </a>
        <a
          className="nav-text-right register"
          href="/register"
          onClick={[Function]}
        >
          Sign up
        </a>
      </div>
      <div
        className="Navbar-toggle"
        onClick={[Function]}
      >
        <i
          className="fas fa-bars"
        />
      </div>
    </nav>
  </header>,
  <main
    role="main"
  >
    <section
      className="landingPageContainer row"
    >
      <div
        className="col-12"
      >
        <h2
          className="welcome"
        >
          Welcome to Git-Rekt
        </h2>
        <p
          className="landingDescription"
        >
          This is your new tool to help deal with communication between students and mentors. This page is a visual queue, allowing mentors to be even more transparent with the students in the sense that the students will now know where the mentors are. If you're busy dealing with a student and aren't sure when you'll be able to get to the next one, this tool shows exactly that. It's the visual aide to show where everyone is occupying their time.
        </p>
        <p
          className="descriptionSignupLogin"
        >
          To get started, sign up or log in!
        </p>
      </div>
    </section>
  </main>,
]
`;
